// Jest Snapshot v1, https://goo.gl/fbAQLP

exports[`Social Sharing tests renders the component without crashing 1`] = `ShallowWrapper {}`;
