// Jest Snapshot v1, https://goo.gl/fbAQLP

exports[`Reset Email Test renders the component without crashing 1`] = `ShallowWrapper {}`;
