// Jest Snapshot v1, https://goo.gl/fbAQLP

exports[`Test home Component should render home component correctly 1`] = `ShallowWrapper {}`;
