// Jest Snapshot v1, https://goo.gl/fbAQLP

exports[`CommentView Comment form should render 1`] = `ShallowWrapper {}`;
