// Jest Snapshot v1, https://goo.gl/fbAQLP

exports[`Login Login Login form should render 1`] = `ShallowWrapper {}`;
