// Jest Snapshot v1, https://goo.gl/fbAQLP

exports[`<SocialAuthView /> should render component correctly 1`] = `ShallowWrapper {}`;
