// Jest Snapshot v1, https://goo.gl/fbAQLP

exports[`LoginView Login form should render 1`] = `ShallowWrapper {}`;
