// Jest Snapshot v1, https://goo.gl/fbAQLP

exports[`Delete Button should render the component  1`] = `ShallowWrapper {}`;
