// Jest Snapshot v1, https://goo.gl/fbAQLP

exports[`Test the footer should render without crashing 1`] = `ShallowWrapper {}`;
